
Allocating common symbols
Common symbol       size              file

WS2812_IO_framedata
                    0x3000            ..\obj\ws2812b.o

Discarded input sections

 .text          0x00000000        0x0 ..\obj\stm32f10x_tim.o
 .data          0x00000000        0x0 ..\obj\stm32f10x_tim.o
 .bss           0x00000000        0x0 ..\obj\stm32f10x_tim.o
 .text.TIM_DeInit
                0x00000000      0x22c ..\obj\stm32f10x_tim.o
 .text.TIM_OC3Init
                0x00000000      0x10c ..\obj\stm32f10x_tim.o
 .text.TIM_OC4Init
                0x00000000       0xd0 ..\obj\stm32f10x_tim.o
 .text.TIM_ICInit
                0x00000000       0xa8 ..\obj\stm32f10x_tim.o
 .text.TIM_PWMIConfig
                0x00000000       0xb8 ..\obj\stm32f10x_tim.o
 .text.TIM_BDTRConfig
                0x00000000       0x50 ..\obj\stm32f10x_tim.o
 .text.TIM_TimeBaseStructInit
                0x00000000       0x34 ..\obj\stm32f10x_tim.o
 .text.TIM_OCStructInit
                0x00000000       0x44 ..\obj\stm32f10x_tim.o
 .text.TIM_ICStructInit
                0x00000000       0x30 ..\obj\stm32f10x_tim.o
 .text.TIM_BDTRStructInit
                0x00000000       0x3c ..\obj\stm32f10x_tim.o
 .text.TIM_CtrlPWMOutputs
                0x00000000       0x4c ..\obj\stm32f10x_tim.o
 .text.TIM_GenerateEvent
                0x00000000       0x1c ..\obj\stm32f10x_tim.o
 .text.TIM_DMAConfig
                0x00000000       0x28 ..\obj\stm32f10x_tim.o
 .text.TIM_InternalClockConfig
                0x00000000       0x24 ..\obj\stm32f10x_tim.o
 .text.TIM_ITRxExternalClockConfig
                0x00000000       0x30 ..\obj\stm32f10x_tim.o
 .text.TIM_TIxExternalClockConfig
                0x00000000       0x5c ..\obj\stm32f10x_tim.o
 .text.TIM_ETRClockMode1Config
                0x00000000       0x60 ..\obj\stm32f10x_tim.o
 .text.TIM_ETRClockMode2Config
                0x00000000       0x40 ..\obj\stm32f10x_tim.o
 .text.TIM_ETRConfig
                0x00000000       0x54 ..\obj\stm32f10x_tim.o
 .text.TIM_PrescalerConfig
                0x00000000       0x28 ..\obj\stm32f10x_tim.o
 .text.TIM_CounterModeConfig
                0x00000000       0x38 ..\obj\stm32f10x_tim.o
 .text.TIM_SelectInputTrigger
                0x00000000       0x38 ..\obj\stm32f10x_tim.o
 .text.TIM_EncoderInterfaceConfig
                0x00000000       0x98 ..\obj\stm32f10x_tim.o
 .text.TIM_ForcedOC1Config
                0x00000000       0x38 ..\obj\stm32f10x_tim.o
 .text.TIM_ForcedOC2Config
                0x00000000       0x3c ..\obj\stm32f10x_tim.o
 .text.TIM_ForcedOC3Config
                0x00000000       0x38 ..\obj\stm32f10x_tim.o
 .text.TIM_ForcedOC4Config
                0x00000000       0x3c ..\obj\stm32f10x_tim.o
 .text.TIM_SelectCOM
                0x00000000       0x40 ..\obj\stm32f10x_tim.o
 .text.TIM_SelectCCDMA
                0x00000000       0x40 ..\obj\stm32f10x_tim.o
 .text.TIM_CCPreloadControl
                0x00000000       0x40 ..\obj\stm32f10x_tim.o
 .text.TIM_OC3PreloadConfig
                0x00000000       0x38 ..\obj\stm32f10x_tim.o
 .text.TIM_OC4PreloadConfig
                0x00000000       0x3c ..\obj\stm32f10x_tim.o
 .text.TIM_OC1FastConfig
                0x00000000       0x38 ..\obj\stm32f10x_tim.o
 .text.TIM_OC2FastConfig
                0x00000000       0x3c ..\obj\stm32f10x_tim.o
 .text.TIM_OC3FastConfig
                0x00000000       0x38 ..\obj\stm32f10x_tim.o
 .text.TIM_OC4FastConfig
                0x00000000       0x3c ..\obj\stm32f10x_tim.o
 .text.TIM_ClearOC1Ref
                0x00000000       0x38 ..\obj\stm32f10x_tim.o
 .text.TIM_ClearOC2Ref
                0x00000000       0x3c ..\obj\stm32f10x_tim.o
 .text.TIM_ClearOC3Ref
                0x00000000       0x38 ..\obj\stm32f10x_tim.o
 .text.TIM_ClearOC4Ref
                0x00000000       0x3c ..\obj\stm32f10x_tim.o
 .text.TIM_OC1PolarityConfig
                0x00000000       0x38 ..\obj\stm32f10x_tim.o
 .text.TIM_OC1NPolarityConfig
                0x00000000       0x38 ..\obj\stm32f10x_tim.o
 .text.TIM_OC2PolarityConfig
                0x00000000       0x3c ..\obj\stm32f10x_tim.o
 .text.TIM_OC2NPolarityConfig
                0x00000000       0x3c ..\obj\stm32f10x_tim.o
 .text.TIM_OC3PolarityConfig
                0x00000000       0x3c ..\obj\stm32f10x_tim.o
 .text.TIM_OC3NPolarityConfig
                0x00000000       0x3c ..\obj\stm32f10x_tim.o
 .text.TIM_OC4PolarityConfig
                0x00000000       0x3c ..\obj\stm32f10x_tim.o
 .text.TIM_CCxCmd
                0x00000000       0x5c ..\obj\stm32f10x_tim.o
 .text.TIM_CCxNCmd
                0x00000000       0x5c ..\obj\stm32f10x_tim.o
 .text.TIM_SelectOCxM
                0x00000000       0xac ..\obj\stm32f10x_tim.o
 .text.TIM_UpdateDisableConfig
                0x00000000       0x40 ..\obj\stm32f10x_tim.o
 .text.TIM_UpdateRequestConfig
                0x00000000       0x40 ..\obj\stm32f10x_tim.o
 .text.TIM_SelectHallSensor
                0x00000000       0x40 ..\obj\stm32f10x_tim.o
 .text.TIM_SelectOnePulseMode
                0x00000000       0x38 ..\obj\stm32f10x_tim.o
 .text.TIM_SelectOutputTrigger
                0x00000000       0x38 ..\obj\stm32f10x_tim.o
 .text.TIM_SelectSlaveMode
                0x00000000       0x38 ..\obj\stm32f10x_tim.o
 .text.TIM_SelectMasterSlaveMode
                0x00000000       0x38 ..\obj\stm32f10x_tim.o
 .text.TIM_SetAutoreload
                0x00000000       0x1c ..\obj\stm32f10x_tim.o
 .text.TIM_SetCompare1
                0x00000000       0x1c ..\obj\stm32f10x_tim.o
 .text.TIM_SetCompare2
                0x00000000       0x1c ..\obj\stm32f10x_tim.o
 .text.TIM_SetCompare3
                0x00000000       0x1c ..\obj\stm32f10x_tim.o
 .text.TIM_SetCompare4
                0x00000000       0x20 ..\obj\stm32f10x_tim.o
 .text.TIM_SetIC1Prescaler
                0x00000000       0x38 ..\obj\stm32f10x_tim.o
 .text.TIM_SetIC2Prescaler
                0x00000000       0x3c ..\obj\stm32f10x_tim.o
 .text.TIM_SetIC3Prescaler
                0x00000000       0x38 ..\obj\stm32f10x_tim.o
 .text.TIM_SetIC4Prescaler
                0x00000000       0x3c ..\obj\stm32f10x_tim.o
 .text.TIM_SetClockDivision
                0x00000000       0x38 ..\obj\stm32f10x_tim.o
 .text.TIM_GetCapture1
                0x00000000       0x18 ..\obj\stm32f10x_tim.o
 .text.TIM_GetCapture2
                0x00000000       0x18 ..\obj\stm32f10x_tim.o
 .text.TIM_GetCapture3
                0x00000000       0x18 ..\obj\stm32f10x_tim.o
 .text.TIM_GetCapture4
                0x00000000       0x1c ..\obj\stm32f10x_tim.o
 .text.TIM_GetCounter
                0x00000000       0x18 ..\obj\stm32f10x_tim.o
 .text.TIM_GetPrescaler
                0x00000000       0x18 ..\obj\stm32f10x_tim.o
 .text.TIM_GetFlagStatus
                0x00000000       0x38 ..\obj\stm32f10x_tim.o
 .text.TIM_ClearFlag
                0x00000000       0x20 ..\obj\stm32f10x_tim.o
 .text.TIM_GetITStatus
                0x00000000       0x54 ..\obj\stm32f10x_tim.o
 .text.TI1_Config
                0x00000000       0xe0 ..\obj\stm32f10x_tim.o
 .text.TI2_Config
                0x00000000       0xf4 ..\obj\stm32f10x_tim.o
 .text.TI3_Config
                0x00000000       0xec ..\obj\stm32f10x_tim.o
 .text.TI4_Config
                0x00000000       0xf8 ..\obj\stm32f10x_tim.o
 .text          0x00000000        0x0 ..\obj\system_stm32f10x.o
 .bss           0x00000000        0x0 ..\obj\system_stm32f10x.o
 .text.SystemCoreClockUpdate
                0x00000000       0xd8 ..\obj\system_stm32f10x.o
 .text          0x00000000        0x0 ..\obj\startup_stm32f10x_md.o
 .data          0x00000000        0x0 ..\obj\startup_stm32f10x_md.o
 .bss           0x00000000        0x0 ..\obj\startup_stm32f10x_md.o
 .text          0x00000000        0x0 ..\obj\stm32f10x_gpio.o
 .data          0x00000000        0x0 ..\obj\stm32f10x_gpio.o
 .bss           0x00000000        0x0 ..\obj\stm32f10x_gpio.o
 .text.GPIO_DeInit
                0x00000000       0xe4 ..\obj\stm32f10x_gpio.o
 .text.GPIO_AFIODeInit
                0x00000000       0x18 ..\obj\stm32f10x_gpio.o
 .text.GPIO_StructInit
                0x00000000       0x28 ..\obj\stm32f10x_gpio.o
 .text.GPIO_ReadInputDataBit
                0x00000000       0x34 ..\obj\stm32f10x_gpio.o
 .text.GPIO_ReadInputData
                0x00000000       0x18 ..\obj\stm32f10x_gpio.o
 .text.GPIO_ReadOutputDataBit
                0x00000000       0x34 ..\obj\stm32f10x_gpio.o
 .text.GPIO_ReadOutputData
                0x00000000       0x18 ..\obj\stm32f10x_gpio.o
 .text.GPIO_SetBits
                0x00000000       0x1c ..\obj\stm32f10x_gpio.o
 .text.GPIO_ResetBits
                0x00000000       0x1c ..\obj\stm32f10x_gpio.o
 .text.GPIO_WriteBit
                0x00000000       0x30 ..\obj\stm32f10x_gpio.o
 .text.GPIO_Write
                0x00000000       0x1c ..\obj\stm32f10x_gpio.o
 .text.GPIO_PinLockConfig
                0x00000000       0x44 ..\obj\stm32f10x_gpio.o
 .text.GPIO_EventOutputConfig
                0x00000000       0x4c ..\obj\stm32f10x_gpio.o
 .text.GPIO_EventOutputCmd
                0x00000000       0x20 ..\obj\stm32f10x_gpio.o
 .text.GPIO_EXTILineConfig
                0x00000000       0x84 ..\obj\stm32f10x_gpio.o
 .text.GPIO_ETH_MediaInterfaceConfig
                0x00000000       0x1c ..\obj\stm32f10x_gpio.o
 .text          0x00000000        0x0 ..\obj\ws2812b.o
 .text.WS2812_framedata_setChannel
                0x00000000       0x4c ..\obj\ws2812b.o
 .text.WS2812_framedata_setColumn
                0x00000000       0x50 ..\obj\ws2812b.o
 .text.Get_WS2812_TC
                0x00000000       0x18 ..\obj\ws2812b.o
 .text          0x00000000        0x0 ..\obj\main.o
 .data          0x00000000        0x0 ..\obj\main.o
 .bss           0x00000000        0x4 ..\obj\main.o
 .text          0x00000000        0x0 ..\obj\stm32f10x_rcc.o
 .data          0x00000000       0x14 ..\obj\stm32f10x_rcc.o
 .bss           0x00000000        0x0 ..\obj\stm32f10x_rcc.o
 .text.RCC_DeInit
                0x00000000       0x5c ..\obj\stm32f10x_rcc.o
 .text.RCC_HSEConfig
                0x00000000       0x5c ..\obj\stm32f10x_rcc.o
 .text.RCC_WaitForHSEStartUp
                0x00000000       0x50 ..\obj\stm32f10x_rcc.o
 .text.RCC_AdjustHSICalibrationValue
                0x00000000       0x3c ..\obj\stm32f10x_rcc.o
 .text.RCC_HSICmd
                0x00000000       0x20 ..\obj\stm32f10x_rcc.o
 .text.RCC_PLLConfig
                0x00000000       0x3c ..\obj\stm32f10x_rcc.o
 .text.RCC_PLLCmd
                0x00000000       0x20 ..\obj\stm32f10x_rcc.o
 .text.RCC_SYSCLKConfig
                0x00000000       0x38 ..\obj\stm32f10x_rcc.o
 .text.RCC_GetSYSCLKSource
                0x00000000       0x1c ..\obj\stm32f10x_rcc.o
 .text.RCC_HCLKConfig
                0x00000000       0x38 ..\obj\stm32f10x_rcc.o
 .text.RCC_PCLK1Config
                0x00000000       0x38 ..\obj\stm32f10x_rcc.o
 .text.RCC_PCLK2Config
                0x00000000       0x38 ..\obj\stm32f10x_rcc.o
 .text.RCC_ITConfig
                0x00000000       0x4c ..\obj\stm32f10x_rcc.o
 .text.RCC_USBCLKConfig
                0x00000000       0x1c ..\obj\stm32f10x_rcc.o
 .text.RCC_ADCCLKConfig
                0x00000000       0x38 ..\obj\stm32f10x_rcc.o
 .text.RCC_LSEConfig
                0x00000000       0x40 ..\obj\stm32f10x_rcc.o
 .text.RCC_LSICmd
                0x00000000       0x20 ..\obj\stm32f10x_rcc.o
 .text.RCC_RTCCLKConfig
                0x00000000       0x24 ..\obj\stm32f10x_rcc.o
 .text.RCC_RTCCLKCmd
                0x00000000       0x20 ..\obj\stm32f10x_rcc.o
 .text.RCC_GetClocksFreq
                0x00000000      0x160 ..\obj\stm32f10x_rcc.o
 .text.RCC_APB2PeriphResetCmd
                0x00000000       0x3c ..\obj\stm32f10x_rcc.o
 .text.RCC_APB1PeriphResetCmd
                0x00000000       0x3c ..\obj\stm32f10x_rcc.o
 .text.RCC_BackupResetCmd
                0x00000000       0x20 ..\obj\stm32f10x_rcc.o
 .text.RCC_ClockSecuritySystemCmd
                0x00000000       0x20 ..\obj\stm32f10x_rcc.o
 .text.RCC_MCOConfig
                0x00000000       0x20 ..\obj\stm32f10x_rcc.o
 .text.RCC_GetFlagStatus
                0x00000000       0x74 ..\obj\stm32f10x_rcc.o
 .text.RCC_ClearFlag
                0x00000000       0x1c ..\obj\stm32f10x_rcc.o
 .text.RCC_GetITStatus
                0x00000000       0x34 ..\obj\stm32f10x_rcc.o
 .text.RCC_ClearITPendingBit
                0x00000000       0x20 ..\obj\stm32f10x_rcc.o
 .text          0x00000000        0x0 ..\obj\stm32f10x_exti.o
 .data          0x00000000        0x0 ..\obj\stm32f10x_exti.o
 .bss           0x00000000        0x0 ..\obj\stm32f10x_exti.o
 .text.EXTI_DeInit
                0x00000000       0x34 ..\obj\stm32f10x_exti.o
 .text.EXTI_Init
                0x00000000       0xe4 ..\obj\stm32f10x_exti.o
 .text.EXTI_StructInit
                0x00000000       0x2c ..\obj\stm32f10x_exti.o
 .text.EXTI_GenerateSWInterrupt
                0x00000000       0x24 ..\obj\stm32f10x_exti.o
 .text.EXTI_GetFlagStatus
                0x00000000       0x34 ..\obj\stm32f10x_exti.o
 .text.EXTI_ClearFlag
                0x00000000       0x1c ..\obj\stm32f10x_exti.o
 .text.EXTI_GetITStatus
                0x00000000       0x48 ..\obj\stm32f10x_exti.o
 .text.EXTI_ClearITPendingBit
                0x00000000       0x1c ..\obj\stm32f10x_exti.o
 .debug_info    0x00000000      0x351 ..\obj\stm32f10x_exti.o
 .debug_abbrev  0x00000000      0x155 ..\obj\stm32f10x_exti.o
 .debug_aranges
                0x00000000       0x58 ..\obj\stm32f10x_exti.o
 .debug_ranges  0x00000000       0x48 ..\obj\stm32f10x_exti.o
 .debug_line    0x00000000      0x28e ..\obj\stm32f10x_exti.o
 .debug_str     0x00000000      0x34a ..\obj\stm32f10x_exti.o
 .comment       0x00000000       0x6f ..\obj\stm32f10x_exti.o
 .debug_frame   0x00000000      0x148 ..\obj\stm32f10x_exti.o
 .ARM.attributes
                0x00000000       0x33 ..\obj\stm32f10x_exti.o
 .text          0x00000000        0x0 ..\obj\syscalls.o
 .data          0x00000000        0x0 ..\obj\syscalls.o
 .bss           0x00000000        0x4 ..\obj\syscalls.o
 .text._sbrk    0x00000000       0x3c ..\obj\syscalls.o
 .text.link     0x00000000       0x18 ..\obj\syscalls.o
 .text._close   0x00000000       0x18 ..\obj\syscalls.o
 .text._fstat   0x00000000       0x20 ..\obj\syscalls.o
 .text._isatty  0x00000000       0x14 ..\obj\syscalls.o
 .text._lseek   0x00000000       0x18 ..\obj\syscalls.o
 .text._read    0x00000000       0x18 ..\obj\syscalls.o
 .text._write   0x00000000       0x18 ..\obj\syscalls.o
 .text.abort    0x00000000        0x8 ..\obj\syscalls.o
 .debug_info    0x00000000      0x3f5 ..\obj\syscalls.o
 .debug_abbrev  0x00000000       0xe5 ..\obj\syscalls.o
 .debug_aranges
                0x00000000       0x60 ..\obj\syscalls.o
 .debug_ranges  0x00000000       0x50 ..\obj\syscalls.o
 .debug_line    0x00000000      0x17c ..\obj\syscalls.o
 .debug_str     0x00000000      0x2ca ..\obj\syscalls.o
 .comment       0x00000000       0x6f ..\obj\syscalls.o
 .debug_frame   0x00000000      0x168 ..\obj\syscalls.o
 .ARM.attributes
                0x00000000       0x33 ..\obj\syscalls.o
 .text          0x00000000        0x0 ..\obj\stm32f10x_dma.o
 .data          0x00000000        0x0 ..\obj\stm32f10x_dma.o
 .bss           0x00000000        0x0 ..\obj\stm32f10x_dma.o
 .text.DMA_StructInit
                0x00000000       0x54 ..\obj\stm32f10x_dma.o
 .text.DMA_GetCurrDataCounter
                0x00000000       0x18 ..\obj\stm32f10x_dma.o
 .text.DMA_GetFlagStatus
                0x00000000       0x50 ..\obj\stm32f10x_dma.o
 .text.DMA_GetITStatus
                0x00000000       0x50 ..\obj\stm32f10x_dma.o
 .text          0x00000000        0x0 ..\obj\bitmap.o
 .data          0x00000000        0x0 ..\obj\bitmap.o
 .bss           0x00000000        0x0 ..\obj\bitmap.o
 .text.HSV2RGB  0x00000000      0x1f8 ..\obj\bitmap.o
 .debug_info    0x00000000      0x1b3 ..\obj\bitmap.o
 .debug_abbrev  0x00000000       0xac ..\obj\bitmap.o
 .debug_aranges
                0x00000000       0x20 ..\obj\bitmap.o
 .debug_ranges  0x00000000       0x10 ..\obj\bitmap.o
 .debug_line    0x00000000      0x1cc ..\obj\bitmap.o
 .debug_str     0x00000000      0x186 ..\obj\bitmap.o
 .comment       0x00000000       0x6f ..\obj\bitmap.o
 .debug_frame   0x00000000       0x3c ..\obj\bitmap.o
 .ARM.attributes
                0x00000000       0x33 ..\obj\bitmap.o
 .text          0x00000000        0x0 ..\obj\misc.o
 .data          0x00000000        0x0 ..\obj\misc.o
 .bss           0x00000000        0x0 ..\obj\misc.o
 .text.NVIC_PriorityGroupConfig
                0x00000000       0x24 ..\obj\misc.o
 .text.NVIC_SetVectorTable
                0x00000000       0x2c ..\obj\misc.o
 .text.NVIC_SystemLPConfig
                0x00000000       0x40 ..\obj\misc.o
 .text.SysTick_CLKSourceConfig
                0x00000000       0x38 ..\obj\misc.o

Memory Configuration

Name             Origin             Length             Attributes
rom              0x08000000         0x00010000         xr
ram              0x20000000         0x00005000         xrw
*default*        0x00000000         0xffffffff

Linker script and memory map

                0x20005000                _eram = 0x20005000

.text           0x08000000     0x149c
 *(.isr_vector)
 .isr_vector    0x08000000      0x10c ..\obj\startup_stm32f10x_md.o
                0x08000000                g_pfnVectors
 *(.text*)
 .text.TIM_TimeBaseInit
                0x0800010c       0xf8 ..\obj\stm32f10x_tim.o
                0x0800010c                TIM_TimeBaseInit
 .text.TIM_OC1Init
                0x08000204      0x118 ..\obj\stm32f10x_tim.o
                0x08000204                TIM_OC1Init
 .text.TIM_OC2Init
                0x0800031c      0x110 ..\obj\stm32f10x_tim.o
                0x0800031c                TIM_OC2Init
 .text.TIM_Cmd  0x0800042c       0x40 ..\obj\stm32f10x_tim.o
                0x0800042c                TIM_Cmd
 .text.TIM_ITConfig
                0x0800046c       0x48 ..\obj\stm32f10x_tim.o
                0x0800046c                TIM_ITConfig
 .text.TIM_DMACmd
                0x080004b4       0x48 ..\obj\stm32f10x_tim.o
                0x080004b4                TIM_DMACmd
 .text.TIM_ARRPreloadConfig
                0x080004fc       0x40 ..\obj\stm32f10x_tim.o
                0x080004fc                TIM_ARRPreloadConfig
 .text.TIM_OC1PreloadConfig
                0x0800053c       0x38 ..\obj\stm32f10x_tim.o
                0x0800053c                TIM_OC1PreloadConfig
 .text.TIM_OC2PreloadConfig
                0x08000574       0x3c ..\obj\stm32f10x_tim.o
                0x08000574                TIM_OC2PreloadConfig
 .text.TIM_SetCounter
                0x080005b0       0x1c ..\obj\stm32f10x_tim.o
                0x080005b0                TIM_SetCounter
 .text.TIM_ClearITPendingBit
                0x080005cc       0x20 ..\obj\stm32f10x_tim.o
                0x080005cc                TIM_ClearITPendingBit
 .text.SystemInit
                0x080005ec       0x68 ..\obj\system_stm32f10x.o
                0x080005ec                SystemInit
 .text.SetSysClock
                0x08000654        0xc ..\obj\system_stm32f10x.o
 .text.SetSysClockTo72
                0x08000660      0x100 ..\obj\system_stm32f10x.o
 .text.Default_Reset_Handler
                0x08000760       0x60 ..\obj\startup_stm32f10x_md.o
                0x08000760                Default_Reset_Handler
                0x08000760                Reset_Handler
 .text.Default_Handler
                0x080007c0        0x8 ..\obj\startup_stm32f10x_md.o
                0x080007c0                EXTI2_IRQHandler
                0x080007c0                DebugMon_Handler
                0x080007c0                TIM1_CC_IRQHandler
                0x080007c0                HardFault_Handler
                0x080007c0                SysTick_Handler
                0x080007c0                PVD_IRQHandler
                0x080007c0                PendSV_Handler
                0x080007c0                NMI_Handler
                0x080007c0                EXTI3_IRQHandler
                0x080007c0                EXTI0_IRQHandler
                0x080007c0                I2C2_EV_IRQHandler
                0x080007c0                UsageFault_Handler
                0x080007c0                ADC1_2_IRQHandler
                0x080007c0                SPI1_IRQHandler
                0x080007c0                TAMPER_IRQHandler
                0x080007c0                USART3_IRQHandler
                0x080007c0                RTC_IRQHandler
                0x080007c0                DMA1_Channel7_IRQHandler
                0x080007c0                CAN1_RX1_IRQHandler
                0x080007c0                I2C1_EV_IRQHandler
                0x080007c0                DMA1_Channel6_IRQHandler
                0x080007c0                TIM3_IRQHandler
                0x080007c0                RCC_IRQHandler
                0x080007c0                TIM1_TRG_COM_IRQHandler
                0x080007c0                DMA1_Channel1_IRQHandler
                0x080007c0                EXTI15_10_IRQHandler
                0x080007c0                EXTI9_5_IRQHandler
                0x080007c0                SPI2_IRQHandler
                0x080007c0                MemManage_Handler
                0x080007c0                SVC_Handler
                0x080007c0                DMA1_Channel5_IRQHandler
                0x080007c0                EXTI4_IRQHandler
                0x080007c0                USB_LP_CAN1_RX0_IRQHandler
                0x080007c0                USB_HP_CAN1_TX_IRQHandler
                0x080007c0                DMA1_Channel3_IRQHandler
                0x080007c0                TIM1_UP_IRQHandler
                0x080007c0                WWDG_IRQHandler
                0x080007c0                TIM2_IRQHandler
                0x080007c0                TIM1_BRK_IRQHandler
                0x080007c0                EXTI1_IRQHandler
                0x080007c0                RTCAlarm_IRQHandler
                0x080007c0                USART2_IRQHandler
                0x080007c0                I2C2_ER_IRQHandler
                0x080007c0                DMA1_Channel2_IRQHandler
                0x080007c0                CAN1_SCE_IRQHandler
                0x080007c0                FLASH_IRQHandler
                0x080007c0                BusFault_Handler
                0x080007c0                USART1_IRQHandler
                0x080007c0                I2C1_ER_IRQHandler
                0x080007c0                USBWakeUp_IRQHandler
 .text.GPIO_Init
                0x080007c8      0x178 ..\obj\stm32f10x_gpio.o
                0x080007c8                GPIO_Init
 .text.GPIO_PinRemapConfig
                0x08000940       0xe0 ..\obj\stm32f10x_gpio.o
                0x08000940                GPIO_PinRemapConfig
 .text.GPIOB_init
                0x08000a20       0x50 ..\obj\ws2812b.o
                0x08000a20                GPIOB_init
 .text.TIM4_init
                0x08000a70       0xac ..\obj\ws2812b.o
                0x08000a70                TIM4_init
 .text.WS2812_sendbuf
                0x08000b1c       0xb8 ..\obj\ws2812b.o
                0x08000b1c                WS2812_sendbuf
 .text.DMA1_Channel4_IRQHandler
                0x08000bd4       0x68 ..\obj\ws2812b.o
                0x08000bd4                DMA1_Channel4_IRQHandler
 .text.TIM4_IRQHandler
                0x08000c3c       0x54 ..\obj\ws2812b.o
                0x08000c3c                TIM4_IRQHandler
 .text.WS2812_framedata_setPixel
                0x08000c90      0x200 ..\obj\ws2812b.o
                0x08000c90                WS2812_framedata_setPixel
 .text.WS2812_framedata_setRow
                0x08000e90       0x54 ..\obj\ws2812b.o
                0x08000e90                WS2812_framedata_setRow
 .text.DMA_init
                0x08000ee4      0x11c ..\obj\ws2812b.o
                0x08000ee4                DMA_init
 .text.WS2812B_Init
                0x08001000       0x14 ..\obj\ws2812b.o
                0x08001000                WS2812B_Init
 .text.main     0x08001014       0x24 ..\obj\main.o
                0x08001014                main
 .text.RCC_AHBPeriphClockCmd
                0x08001038       0x3c ..\obj\stm32f10x_rcc.o
                0x08001038                RCC_AHBPeriphClockCmd
 .text.RCC_APB2PeriphClockCmd
                0x08001074       0x3c ..\obj\stm32f10x_rcc.o
                0x08001074                RCC_APB2PeriphClockCmd
 .text.RCC_APB1PeriphClockCmd
                0x080010b0       0x3c ..\obj\stm32f10x_rcc.o
                0x080010b0                RCC_APB1PeriphClockCmd
 .text.DMA_DeInit
                0x080010ec      0x178 ..\obj\stm32f10x_dma.o
                0x080010ec                DMA_DeInit
 .text.DMA_Init
                0x08001264       0x7c ..\obj\stm32f10x_dma.o
                0x08001264                DMA_Init
 .text.DMA_Cmd  0x080012e0       0x38 ..\obj\stm32f10x_dma.o
                0x080012e0                DMA_Cmd
 .text.DMA_ITConfig
                0x08001318       0x3c ..\obj\stm32f10x_dma.o
                0x08001318                DMA_ITConfig
 .text.DMA_SetCurrDataCounter
                0x08001354       0x1c ..\obj\stm32f10x_dma.o
                0x08001354                DMA_SetCurrDataCounter
 .text.DMA_ClearFlag
                0x08001370       0x34 ..\obj\stm32f10x_dma.o
                0x08001370                DMA_ClearFlag
 .text.DMA_ClearITPendingBit
                0x080013a4       0x34 ..\obj\stm32f10x_dma.o
                0x080013a4                DMA_ClearITPendingBit
 .text.NVIC_Init
                0x080013d8       0xc4 ..\obj\misc.o
                0x080013d8                NVIC_Init
 *(.init)
 *(.fini)
 *crtbegin.o(.ctors)
 *crtbegin?.o(.ctors)
 *(EXCLUDE_FILE(*crtend.o *crtend?.o) .ctors)
 *(SORT(.ctors.*))
 *(.ctors)
 *crtbegin.o(.dtors)
 *crtbegin?.o(.dtors)
 *(EXCLUDE_FILE(*crtend.o *crtend?.o) .dtors)
 *(SORT(.dtors.*))
 *(.dtors)
 *(.rodata*)
 *(.eh_fram e*)

.glue_7         0x0800149c        0x0
 .glue_7        0x0800149c        0x0 linker stubs

.glue_7t        0x0800149c        0x0
 .glue_7t       0x0800149c        0x0 linker stubs

.vfp11_veneer   0x0800149c        0x0
 .vfp11_veneer  0x0800149c        0x0 linker stubs

.v4_bx          0x0800149c        0x0
 .v4_bx         0x0800149c        0x0 linker stubs

.iplt           0x0800149c        0x0
 .iplt          0x0800149c        0x0 ..\obj\stm32f10x_tim.o

.rel.dyn        0x0800149c        0x0
 .rel.iplt      0x0800149c        0x0 ..\obj\stm32f10x_tim.o

.ARM.extab
 *(.ARM.extab* .gnu.linkonce.armextab.*)
                0x0800149c                __exidx_start = .

.ARM.exidx
 *(.ARM.exidx* .gnu.linkonce.armexidx.*)
                0x0800149c                __exidx_end = .
                0x0800149c                __etext = .
                0x0800149c                _sidata = __etext

.data           0x20000000       0x18 load address 0x0800149c
                0x20000000                __data_start__ = .
                0x20000000                _sdata = __data_start__
 *(vtable)
 *(.data*)
 .data          0x20000000       0x14 ..\obj\system_stm32f10x.o
                0x20000000                SystemCoreClock
                0x20000004                AHBPrescTable
 .data          0x20000014        0x3 ..\obj\ws2812b.o
                0x20000014                WS2812_IO_High
                0x20000016                WS2812_TC
                0x20000018                . = ALIGN (0x4)
 *fill*         0x20000017        0x1 
                [!provide]                PROVIDE (__preinit_array_start, .)
 *(.preinit_array)
                [!provide]                PROVIDE (__preinit_array_end, .)
                0x20000018                . = ALIGN (0x4)
                [!provide]                PROVIDE (__init_array_start, .)
 *(SORT(.init_array.*))
 *(.init_array)
                [!provide]                PROVIDE (__init_array_end, .)
                0x20000018                . = ALIGN (0x4)
                [!provide]                PROVIDE (__fini_array_start, .)
 *(SORT(.fini_array.*))
 *(.fini_array)
                [!provide]                PROVIDE (__fini_array_end, .)
 *(.jcr*)
                0x20000018                . = ALIGN (0x4)
                0x20000018                __data_end__ = .
                0x20000018                _edata = __data_end__

.igot.plt       0x20000018        0x0 load address 0x080014b4
 .igot.plt      0x20000018        0x0 ..\obj\stm32f10x_tim.o

.bss            0x20000018     0x3004 load address 0x080014b4
                0x20000018                . = ALIGN (0x4)
                0x20000018                __bss_start__ = .
                0x20000018                _sbss = __bss_start__
 *(.bss*)
 .bss           0x20000018        0x4 ..\obj\ws2812b.o
                0x20000018                WS2812_IO_Low
                0x2000001a                TIM4_overflows
                0x2000001b                allow_update
 *(COMMON)
 COMMON         0x2000001c     0x3000 ..\obj\ws2812b.o
                0x2000001c                WS2812_IO_framedata
                0x2000301c                . = ALIGN (0x4)
                0x2000301c                __bss_end__ = .
                0x2000301c                _ebss = __bss_end__

.heap           0x2000301c        0x0
                0x2000301c                __end__ = .
                0x2000301c                _end = __end__
                0x2000301c                end = __end__
 *(.heap*)
                0x2000301c                __HeapLimit = .

.co_stack       0x2000301c      0x404 load address 0x080044b8
                0x20003020                . = ALIGN (0x8)
 *fill*         0x2000301c        0x4 
 *(.co_stack .co_stack.*)
 .co_stack      0x20003020      0x400 ..\obj\startup_stm32f10x_md.o
                0x20003020                pulStack
                0x20005000                __StackTop = (ORIGIN (ram) + LENGTH (ram))
                0x20004bfc                __StackLimit = (__StackTop - SIZEOF (.co_stack))
                [!provide]                PROVIDE (__stack, __StackTop)
                0x00000001                ASSERT ((__StackLimit >= __HeapLimit), region ram  overflowed with stack)
LOAD ..\obj\stm32f10x_tim.o
LOAD ..\obj\system_stm32f10x.o
LOAD ..\obj\startup_stm32f10x_md.o
LOAD ..\obj\stm32f10x_gpio.o
LOAD ..\obj\ws2812b.o
LOAD ..\obj\main.o
LOAD ..\obj\stm32f10x_rcc.o
LOAD ..\obj\stm32f10x_exti.o
LOAD ..\obj\syscalls.o
LOAD ..\obj\stm32f10x_dma.o
LOAD ..\obj\bitmap.o
LOAD ..\obj\misc.o
START GROUP
LOAD c:/program files (x86)/gnu tools arm embedded/5.2 2015q4/bin/../lib/gcc/arm-none-eabi/5.2.1/armv7-m\libgcc.a
LOAD c:/program files (x86)/gnu tools arm embedded/5.2 2015q4/bin/../lib/gcc/arm-none-eabi/5.2.1/../../../../arm-none-eabi/lib/armv7-m\libg.a
LOAD c:/program files (x86)/gnu tools arm embedded/5.2 2015q4/bin/../lib/gcc/arm-none-eabi/5.2.1/../../../../arm-none-eabi/lib/armv7-m\libc.a
END GROUP
OUTPUT(WS2812B.elf elf32-littlearm)

.debug_info     0x00000000     0x468b
 .debug_info    0x00000000     0x1c60 ..\obj\stm32f10x_tim.o
 .debug_info    0x00001c60      0x47d ..\obj\system_stm32f10x.o
 .debug_info    0x000020dd       0xe9 ..\obj\startup_stm32f10x_md.o
 .debug_info    0x000021c6      0x6f6 ..\obj\stm32f10x_gpio.o
 .debug_info    0x000028bc      0xa98 ..\obj\ws2812b.o
 .debug_info    0x00003354       0xe2 ..\obj\main.o
 .debug_info    0x00003436      0x899 ..\obj\stm32f10x_rcc.o
 .debug_info    0x00003ccf      0x47b ..\obj\stm32f10x_dma.o
 .debug_info    0x0000414a      0x541 ..\obj\misc.o

.debug_abbrev   0x00000000      0xc0f
 .debug_abbrev  0x00000000      0x1b2 ..\obj\stm32f10x_tim.o
 .debug_abbrev  0x000001b2      0x14e ..\obj\system_stm32f10x.o
 .debug_abbrev  0x00000300       0xa7 ..\obj\startup_stm32f10x_md.o
 .debug_abbrev  0x000003a7      0x1cc ..\obj\stm32f10x_gpio.o
 .debug_abbrev  0x00000573      0x1cc ..\obj\ws2812b.o
 .debug_abbrev  0x0000073f       0x76 ..\obj\main.o
 .debug_abbrev  0x000007b5      0x1bc ..\obj\stm32f10x_rcc.o
 .debug_abbrev  0x00000971      0x157 ..\obj\stm32f10x_dma.o
 .debug_abbrev  0x00000ac8      0x147 ..\obj\misc.o

.debug_aranges  0x00000000      0x658
 .debug_aranges
                0x00000000      0x2f0 ..\obj\stm32f10x_tim.o
 .debug_aranges
                0x000002f0       0x38 ..\obj\system_stm32f10x.o
 .debug_aranges
                0x00000328       0x28 ..\obj\startup_stm32f10x_md.o
 .debug_aranges
                0x00000350       0xa8 ..\obj\stm32f10x_gpio.o
 .debug_aranges
                0x000003f8       0x78 ..\obj\ws2812b.o
 .debug_aranges
                0x00000470       0x20 ..\obj\main.o
 .debug_aranges
                0x00000490      0x118 ..\obj\stm32f10x_rcc.o
 .debug_aranges
                0x000005a8       0x70 ..\obj\stm32f10x_dma.o
 .debug_aranges
                0x00000618       0x40 ..\obj\misc.o

.debug_ranges   0x00000000      0x5c8
 .debug_ranges  0x00000000      0x2e0 ..\obj\stm32f10x_tim.o
 .debug_ranges  0x000002e0       0x28 ..\obj\system_stm32f10x.o
 .debug_ranges  0x00000308       0x18 ..\obj\startup_stm32f10x_md.o
 .debug_ranges  0x00000320       0x98 ..\obj\stm32f10x_gpio.o
 .debug_ranges  0x000003b8       0x68 ..\obj\ws2812b.o
 .debug_ranges  0x00000420       0x10 ..\obj\main.o
 .debug_ranges  0x00000430      0x108 ..\obj\stm32f10x_rcc.o
 .debug_ranges  0x00000538       0x60 ..\obj\stm32f10x_dma.o
 .debug_ranges  0x00000598       0x30 ..\obj\misc.o

.debug_line     0x00000000     0x20b3
 .debug_line    0x00000000      0xb38 ..\obj\stm32f10x_tim.o
 .debug_line    0x00000b38      0x216 ..\obj\system_stm32f10x.o
 .debug_line    0x00000d4e       0x9b ..\obj\startup_stm32f10x_md.o
 .debug_line    0x00000de9      0x3b8 ..\obj\stm32f10x_gpio.o
 .debug_line    0x000011a1      0x3bd ..\obj\ws2812b.o
 .debug_line    0x0000155e      0x157 ..\obj\main.o
 .debug_line    0x000016b5      0x4b3 ..\obj\stm32f10x_rcc.o
 .debug_line    0x00001b68      0x320 ..\obj\stm32f10x_dma.o
 .debug_line    0x00001e88      0x22b ..\obj\misc.o

.debug_str      0x00000000     0x1f44
 .debug_str     0x00000000      0xd1b ..\obj\stm32f10x_tim.o
                                0xdde (size before relaxing)
 .debug_str     0x00000d1b      0x16b ..\obj\system_stm32f10x.o
                                0x2f0 (size before relaxing)
 .debug_str     0x00000e86       0xa9 ..\obj\startup_stm32f10x_md.o
                                0x140 (size before relaxing)
 .debug_str     0x00000f2f      0x377 ..\obj\stm32f10x_gpio.o
                                0x51a (size before relaxing)
 .debug_str     0x000012a6      0x609 ..\obj\ws2812b.o
                                0xad6 (size before relaxing)
 .debug_str     0x000018af       0x2a ..\obj\main.o
                                0x166 (size before relaxing)
 .debug_str     0x000018d9      0x3e1 ..\obj\stm32f10x_rcc.o
                                0x61b (size before relaxing)
 .debug_str     0x00001cba      0x138 ..\obj\stm32f10x_dma.o
                                0x3b8 (size before relaxing)
 .debug_str     0x00001df2      0x152 ..\obj\misc.o
                                0x3bf (size before relaxing)

.comment        0x00000000       0x6e
 .comment       0x00000000       0x6e ..\obj\stm32f10x_tim.o
                                 0x6f (size before relaxing)
 .comment       0x0000006e       0x6f ..\obj\system_stm32f10x.o
 .comment       0x0000006e       0x6f ..\obj\startup_stm32f10x_md.o
 .comment       0x0000006e       0x6f ..\obj\stm32f10x_gpio.o
 .comment       0x0000006e       0x6f ..\obj\ws2812b.o
 .comment       0x0000006e       0x6f ..\obj\main.o
 .comment       0x0000006e       0x6f ..\obj\stm32f10x_rcc.o
 .comment       0x0000006e       0x6f ..\obj\stm32f10x_dma.o
 .comment       0x0000006e       0x6f ..\obj\misc.o

.ARM.attributes
                0x00000000       0x33
 .ARM.attributes
                0x00000000       0x33 ..\obj\stm32f10x_tim.o
 .ARM.attributes
                0x00000033       0x33 ..\obj\system_stm32f10x.o
 .ARM.attributes
                0x00000066       0x33 ..\obj\startup_stm32f10x_md.o
 .ARM.attributes
                0x00000099       0x33 ..\obj\stm32f10x_gpio.o
 .ARM.attributes
                0x000000cc       0x33 ..\obj\ws2812b.o
 .ARM.attributes
                0x000000ff       0x33 ..\obj\main.o
 .ARM.attributes
                0x00000132       0x33 ..\obj\stm32f10x_rcc.o
 .ARM.attributes
                0x00000165       0x33 ..\obj\stm32f10x_dma.o
 .ARM.attributes
                0x00000198       0x33 ..\obj\misc.o

.debug_frame    0x00000000     0x1b5c
 .debug_frame   0x00000000      0xe2c ..\obj\stm32f10x_tim.o
 .debug_frame   0x00000e2c       0x98 ..\obj\system_stm32f10x.o
 .debug_frame   0x00000ec4       0x4c ..\obj\startup_stm32f10x_md.o
 .debug_frame   0x00000f10      0x2d0 ..\obj\stm32f10x_gpio.o
 .debug_frame   0x000011e0      0x1b8 ..\obj\ws2812b.o
 .debug_frame   0x00001398       0x30 ..\obj\main.o
 .debug_frame   0x000013c8      0x4f4 ..\obj\stm32f10x_rcc.o
 .debug_frame   0x000018bc      0x1c8 ..\obj\stm32f10x_dma.o
 .debug_frame   0x00001a84       0xd8 ..\obj\misc.o
